-- Logs begin at Mon 2017-09-25 12:48:56 UTC, end at Tue 2017-10-24 09:00:15 UTC. --
Sep 25 12:48:56 meshnode-odc2 kernel: Booting Linux on physical CPU 0x0
Sep 25 12:48:56 meshnode-odc2 kernel: Linux version 4.13.4-1-ARCH (builduser@leming) (gcc version 7.2.0 (GCC)) #1 SMP Wed Sep 27 19:41:55 MDT 2017
Sep 25 12:48:56 meshnode-odc2 kernel: Boot CPU: AArch64 Processor [410fd034]
Sep 25 12:48:56 meshnode-odc2 kernel: Machine model: Hardkernel ODROID-C2
Sep 25 12:48:56 meshnode-odc2 kernel: efi: Getting EFI parameters from FDT:
Sep 25 12:48:56 meshnode-odc2 kernel: efi: UEFI not found.
Sep 25 12:48:56 meshnode-odc2 kernel: Reserved memory: created CMA memory pool at 0x0000000067c00000, size 188 MiB
Sep 25 12:48:56 meshnode-odc2 kernel: OF: reserved mem: initialized node linux,cma, compatible id shared-dma-pool
Sep 25 12:48:56 meshnode-odc2 kernel: earlycon: meson0 at MMIO 0x00000000c81004c0 (options '115200n8')
Sep 25 12:48:56 meshnode-odc2 kernel: bootconsole [meson0] enabled
Sep 25 12:48:56 meshnode-odc2 kernel: On node 0 totalpages: 486912
Sep 25 12:48:56 meshnode-odc2 kernel:   DMA zone: 7616 pages used for memmap
Sep 25 12:48:56 meshnode-odc2 kernel:   DMA zone: 0 pages reserved
Sep 25 12:48:56 meshnode-odc2 kernel:   DMA zone: 486912 pages, LIFO batch:31
Sep 25 12:48:56 meshnode-odc2 kernel: psci: probing for conduit method from DT.
Sep 25 12:48:56 meshnode-odc2 kernel: psci: PSCIv0.2 detected in firmware.
Sep 25 12:48:56 meshnode-odc2 kernel: psci: Using standard PSCI v0.2 function IDs
Sep 25 12:48:56 meshnode-odc2 kernel: psci: Trusted OS migration not required
Sep 25 12:48:56 meshnode-odc2 kernel: percpu: Embedded 25 pages/cpu @ffff800077f6c000 s64024 r8192 d30184 u102400
Sep 25 12:48:56 meshnode-odc2 kernel: pcpu-alloc: s64024 r8192 d30184 u102400 alloc=25*4096
Sep 25 12:48:56 meshnode-odc2 kernel: pcpu-alloc: [0] 0 [0] 1 [0] 2 [0] 3 
Sep 25 12:48:56 meshnode-odc2 kernel: Detected VIPT I-cache on CPU0
Sep 25 12:48:56 meshnode-odc2 kernel: Built 1 zonelists in Zone order, mobility grouping on.  Total pages: 479296
Sep 25 12:48:56 meshnode-odc2 kernel: Kernel command line: root=/dev/mmcblk1p2 rootwait rw earlycon console=ttyAML0,115200n8 console=tty0 no_console_suspend drm_kms_helper.edid_firmware=edid/1920x1080.bin video=HDMI-A-1:1920x1080@60e
Sep 25 12:48:56 meshnode-odc2 kernel: PID hash table entries: 4096 (order: 3, 32768 bytes)
Sep 25 12:48:56 meshnode-odc2 kernel: Dentry cache hash table entries: 262144 (order: 9, 2097152 bytes)
Sep 25 12:48:56 meshnode-odc2 kernel: Inode-cache hash table entries: 131072 (order: 8, 1048576 bytes)
Sep 25 12:48:56 meshnode-odc2 kernel: Memory: 1691980K/1947648K available (12156K kernel code, 2264K rwdata, 5316K rodata, 1408K init, 803K bss, 63156K reserved, 192512K cma-reserved)
Sep 25 12:48:56 meshnode-odc2 kernel: Virtual kernel memory layout:
Sep 25 12:48:56 meshnode-odc2 kernel:     modules : 0xffff000000000000 - 0xffff000008000000   (   128 MB)
Sep 25 12:48:56 meshnode-odc2 kernel:     vmalloc : 0xffff000008000000 - 0xffff7dffbfff0000   (129022 GB)
Sep 25 12:48:56 meshnode-odc2 kernel:       .text : 0xffff000008080000 - 0xffff000008c60000   ( 12160 KB)
Sep 25 12:48:56 meshnode-odc2 kernel:     .rodata : 0xffff000008c60000 - 0xffff0000091a0000   (  5376 KB)
Sep 25 12:48:56 meshnode-odc2 kernel:       .init : 0xffff0000091a0000 - 0xffff000009300000   (  1408 KB)
Sep 25 12:48:56 meshnode-odc2 kernel:       .data : 0xffff000009300000 - 0xffff000009536200   (  2265 KB)
Sep 25 12:48:56 meshnode-odc2 kernel:        .bss : 0xffff000009536200 - 0xffff0000095fef90   (   804 KB)
Sep 25 12:48:56 meshnode-odc2 kernel:     fixed   : 0xffff7dfffe7fd000 - 0xffff7dfffec00000   (  4108 KB)
Sep 25 12:48:56 meshnode-odc2 kernel:     PCI I/O : 0xffff7dfffee00000 - 0xffff7dffffe00000   (    16 MB)
Sep 25 12:48:56 meshnode-odc2 kernel:     vmemmap : 0xffff7e0000000000 - 0xffff800000000000   (  2048 GB maximum)
Sep 25 12:48:56 meshnode-odc2 kernel:               0xffff7e0000040000 - 0xffff7e0001e00000   (    29 MB actual)
Sep 25 12:48:56 meshnode-odc2 kernel:     memory  : 0xffff800001000000 - 0xffff800078000000   (  1904 MB)
Sep 25 12:48:56 meshnode-odc2 kernel: random: get_random_u64 called from cache_random_seq_create+0x64/0x128 with crng_init=0
Sep 25 12:48:56 meshnode-odc2 kernel: SLUB: HWalign=64, Order=0-3, MinObjects=0, CPUs=4, Nodes=1
Sep 25 12:48:56 meshnode-odc2 kernel: ftrace: allocating 43777 entries in 172 pages
Sep 25 12:48:56 meshnode-odc2 kernel: Hierarchical RCU implementation.
Sep 25 12:48:56 meshnode-odc2 kernel: 	RCU restricting CPUs from NR_CPUS=8 to nr_cpu_ids=4.
Sep 25 12:48:56 meshnode-odc2 kernel: 	Tasks RCU enabled.
Sep 25 12:48:56 meshnode-odc2 kernel: RCU: Adjusting geometry for rcu_fanout_leaf=16, nr_cpu_ids=4
Sep 25 12:48:56 meshnode-odc2 kernel: NR_IRQS: 64, nr_irqs: 64, preallocated irqs: 0
Sep 25 12:48:56 meshnode-odc2 kernel: GIC: Using split EOI/Deactivate mode
Sep 25 12:48:56 meshnode-odc2 kernel: arch_timer: cp15 timer(s) running at 24.00MHz (phys).
Sep 25 12:48:56 meshnode-odc2 kernel: clocksource: arch_sys_counter: mask: 0xffffffffffffff max_cycles: 0x588fe9dc0, max_idle_ns: 440795202592 ns
Sep 25 12:48:56 meshnode-odc2 kernel: sched_clock: 56 bits at 24MHz, resolution 41ns, wraps every 4398046511097ns
Sep 25 12:48:56 meshnode-odc2 kernel: Console: colour dummy device 80x25
Sep 25 12:48:56 meshnode-odc2 kernel: console [tty0] enabled
Sep 25 12:48:56 meshnode-odc2 kernel: bootconsole [meson0] disabled
Sep 25 12:48:56 meshnode-odc2 kernel: Calibrating delay loop (skipped), value calculated using timer frequency.. 48.00 BogoMIPS (lpj=240000)
Sep 25 12:48:56 meshnode-odc2 kernel: pid_max: default: 32768 minimum: 301
Sep 25 12:48:56 meshnode-odc2 kernel: Security Framework initialized
Sep 25 12:48:56 meshnode-odc2 kernel: Yama: becoming mindful.
Sep 25 12:48:56 meshnode-odc2 kernel: Mount-cache hash table entries: 4096 (order: 3, 32768 bytes)
Sep 25 12:48:56 meshnode-odc2 kernel: Mountpoint-cache hash table entries: 4096 (order: 3, 32768 bytes)
Sep 25 12:48:56 meshnode-odc2 kernel: ASID allocator initialised with 65536 entries
Sep 25 12:48:56 meshnode-odc2 kernel: Hierarchical SRCU implementation.
Sep 25 12:48:56 meshnode-odc2 kernel: EFI services will not be available.
Sep 25 12:48:56 meshnode-odc2 kernel: smp: Bringing up secondary CPUs ...
Sep 25 12:48:56 meshnode-odc2 kernel: Detected VIPT I-cache on CPU1
Sep 25 12:48:56 meshnode-odc2 kernel: CPU1: Booted secondary processor [410fd034]
Sep 25 12:48:56 meshnode-odc2 kernel: Detected VIPT I-cache on CPU2
Sep 25 12:48:56 meshnode-odc2 kernel: CPU2: Booted secondary processor [410fd034]
Sep 25 12:48:56 meshnode-odc2 kernel: Detected VIPT I-cache on CPU3
Sep 25 12:48:56 meshnode-odc2 kernel: CPU3: Booted secondary processor [410fd034]
Sep 25 12:48:56 meshnode-odc2 kernel: smp: Brought up 1 node, 4 CPUs
Sep 25 12:48:56 meshnode-odc2 kernel: SMP: Total of 4 processors activated.
Sep 25 12:48:56 meshnode-odc2 kernel: CPU features: detected feature: 32-bit EL0 Support
Sep 25 12:48:56 meshnode-odc2 kernel: CPU: All CPU(s) started at EL2
Sep 25 12:48:56 meshnode-odc2 kernel: devtmpfs: initialized
Sep 25 12:48:56 meshnode-odc2 kernel: clocksource: jiffies: mask: 0xffffffff max_cycles: 0xffffffff, max_idle_ns: 19112604462750000 ns
Sep 25 12:48:56 meshnode-odc2 kernel: futex hash table entries: 1024 (order: 5, 131072 bytes)
Sep 25 12:48:56 meshnode-odc2 kernel: pinctrl core: initialized pinctrl subsystem
Sep 25 12:48:56 meshnode-odc2 kernel: DMI not present or invalid.
Sep 25 12:48:56 meshnode-odc2 kernel: NET: Registered protocol family 16
Sep 25 12:48:56 meshnode-odc2 kernel: cpuidle: using governor ladder
Sep 25 12:48:56 meshnode-odc2 kernel: cpuidle: using governor menu
Sep 25 12:48:56 meshnode-odc2 kernel: vdso: 2 pages (1 code @ ffff000008c65000, 1 data @ ffff000009305000)
Sep 25 12:48:56 meshnode-odc2 kernel: hw-breakpoint: found 6 breakpoint and 4 watchpoint registers.
Sep 25 12:48:56 meshnode-odc2 kernel: DMA: preallocated 256 KiB pool for atomic allocations
Sep 25 12:48:56 meshnode-odc2 kernel: Serial: AMBA PL011 UART driver
Sep 25 12:48:56 meshnode-odc2 kernel: HugeTLB registered 2.00 MiB page size, pre-allocated 0 pages
Sep 25 12:48:56 meshnode-odc2 kernel: ACPI: Interpreter disabled.
Sep 25 12:48:56 meshnode-odc2 kernel: vgaarb: loaded
Sep 25 12:48:56 meshnode-odc2 kernel: SCSI subsystem initialized
Sep 25 12:48:56 meshnode-odc2 kernel: libata version 3.00 loaded.
Sep 25 12:48:56 meshnode-odc2 kernel: usbcore: registered new interface driver usbfs
Sep 25 12:48:56 meshnode-odc2 kernel: usbcore: registered new interface driver hub
Sep 25 12:48:56 meshnode-odc2 kernel: usbcore: registered new device driver usb
Sep 25 12:48:56 meshnode-odc2 kernel: EDAC MC: Ver: 3.0.0
Sep 25 12:48:56 meshnode-odc2 kernel: dmi: Firmware registration failed.
Sep 25 12:48:56 meshnode-odc2 kernel: Advanced Linux Sound Architecture Driver Initialized.
Sep 25 12:48:56 meshnode-odc2 kernel: NetLabel: Initializing
Sep 25 12:48:56 meshnode-odc2 kernel: NetLabel:  domain hash size = 128
Sep 25 12:48:56 meshnode-odc2 kernel: NetLabel:  protocols = UNLABELED CIPSOv4 CALIPSO
Sep 25 12:48:56 meshnode-odc2 kernel: NetLabel:  unlabeled traffic allowed by default
Sep 25 12:48:56 meshnode-odc2 kernel: clocksource: Switched to clocksource arch_sys_counter
Sep 25 12:48:56 meshnode-odc2 kernel: VFS: Disk quotas dquot_6.6.0
Sep 25 12:48:56 meshnode-odc2 kernel: VFS: Dquot-cache hash table entries: 512 (order 0, 4096 bytes)
Sep 25 12:48:56 meshnode-odc2 kernel: pnp: PnP ACPI: disabled
Sep 25 12:48:56 meshnode-odc2 kernel: NET: Registered protocol family 2
Sep 25 12:48:56 meshnode-odc2 kernel: TCP established hash table entries: 16384 (order: 5, 131072 bytes)
Sep 25 12:48:56 meshnode-odc2 kernel: TCP bind hash table entries: 16384 (order: 6, 262144 bytes)
Sep 25 12:48:56 meshnode-odc2 kernel: TCP: Hash tables configured (established 16384 bind 16384)
Sep 25 12:48:56 meshnode-odc2 kernel: UDP hash table entries: 1024 (order: 3, 32768 bytes)
Sep 25 12:48:56 meshnode-odc2 kernel: UDP-Lite hash table entries: 1024 (order: 3, 32768 bytes)
Sep 25 12:48:56 meshnode-odc2 kernel: NET: Registered protocol family 1
Sep 25 12:48:56 meshnode-odc2 kernel: RPC: Registered named UNIX socket transport module.
Sep 25 12:48:56 meshnode-odc2 kernel: RPC: Registered udp transport module.
Sep 25 12:48:56 meshnode-odc2 kernel: RPC: Registered tcp transport module.
Sep 25 12:48:56 meshnode-odc2 kernel: RPC: Registered tcp NFSv4.1 backchannel transport module.
Sep 25 12:48:56 meshnode-odc2 kernel: PCI: CLS 0 bytes, default 128
Sep 25 12:48:56 meshnode-odc2 kernel: Unpacking initramfs...
Sep 25 12:48:56 meshnode-odc2 kernel: Freeing initrd memory: 4632K
Sep 25 12:48:56 meshnode-odc2 kernel: hw perfevents: enabled with armv8_cortex_a53 PMU driver, 7 counters available
Sep 25 12:48:56 meshnode-odc2 kernel: kvm [1]: 8-bit VMID
Sep 25 12:48:56 meshnode-odc2 kernel: kvm [1]: IDMAP page: 1c4f000
Sep 25 12:48:56 meshnode-odc2 kernel: kvm [1]: HYP VA range: 800000000000:ffffffffffff
Sep 25 12:48:56 meshnode-odc2 kernel: kvm [1]: Hyp mode initialized successfully
Sep 25 12:48:56 meshnode-odc2 kernel: kvm [1]: vgic-v2@c4304000
Sep 25 12:48:56 meshnode-odc2 kernel: kvm [1]: vgic interrupt IRQ1
Sep 25 12:48:56 meshnode-odc2 kernel: kvm [1]: virtual timer IRQ4
Sep 25 12:48:56 meshnode-odc2 kernel: random: fast init done
Sep 25 12:48:56 meshnode-odc2 kernel: modprobe[65]: undefined instruction: pc=0000ffffb6a8a6dc
Sep 25 12:48:56 meshnode-odc2 kernel: Code: d503201f 8a180320 92750001 365ffc20 (d5380001) 
Sep 25 12:48:56 meshnode-odc2 kernel: modprobe[66]: undefined instruction: pc=0000ffff96cae6dc
Sep 25 12:48:56 meshnode-odc2 kernel: Code: d503201f 8a180320 92750001 365ffc20 (d5380001) 
Sep 25 12:48:56 meshnode-odc2 kernel: modprobe[70]: undefined instruction: pc=0000ffffafba26dc
Sep 25 12:48:56 meshnode-odc2 kernel: Code: d503201f 8a180320 92750001 365ffc20 (d5380001) 
Sep 25 12:48:56 meshnode-odc2 kernel: modprobe[71]: undefined instruction: pc=0000ffffa86596dc
Sep 25 12:48:56 meshnode-odc2 kernel: Code: d503201f 8a180320 92750001 365ffc20 (d5380001) 
Sep 25 12:48:56 meshnode-odc2 kernel: modprobe[75]: undefined instruction: pc=0000ffff86c3b6dc
Sep 25 12:48:56 meshnode-odc2 kernel: Code: d503201f 8a180320 92750001 365ffc20 (d5380001) 
Sep 25 12:48:56 meshnode-odc2 kernel: modprobe[76]: undefined instruction: pc=0000ffffa64a56dc
Sep 25 12:48:56 meshnode-odc2 kernel: Code: d503201f 8a180320 92750001 365ffc20 (d5380001) 
Sep 25 12:48:56 meshnode-odc2 kernel: modprobe[80]: undefined instruction: pc=0000ffffaae9f6dc
Sep 25 12:48:56 meshnode-odc2 kernel: Code: d503201f 8a180320 92750001 365ffc20 (d5380001) 
Sep 25 12:48:56 meshnode-odc2 kernel: modprobe[81]: undefined instruction: pc=0000ffff8f0d16dc
Sep 25 12:48:56 meshnode-odc2 kernel: Code: d503201f 8a180320 92750001 365ffc20 (d5380001) 
Sep 25 12:48:56 meshnode-odc2 kernel: modprobe[98]: undefined instruction: pc=0000ffffaf4366dc
Sep 25 12:48:56 meshnode-odc2 kernel: Code: d503201f 8a180320 92750001 365ffc20 (d5380001) 
Sep 25 12:48:56 meshnode-odc2 kernel: modprobe[99]: undefined instruction: pc=0000ffff939516dc
Sep 25 12:48:56 meshnode-odc2 kernel: Code: d503201f 8a180320 92750001 365ffc20 (d5380001) 
Sep 25 12:48:56 meshnode-odc2 kernel: workingset: timestamp_bits=46 max_order=19 bucket_order=0
Sep 25 12:48:56 meshnode-odc2 kernel: zbud: loaded
Sep 25 12:48:56 meshnode-odc2 kernel: NFS: Registering the id_resolver key type
Sep 25 12:48:56 meshnode-odc2 kernel: Key type id_resolver registered
Sep 25 12:48:56 meshnode-odc2 kernel: Key type id_legacy registered
Sep 25 12:48:56 meshnode-odc2 kernel: nfs4filelayout_init: NFSv4 File Layout Driver Registering...
Sep 25 12:48:56 meshnode-odc2 kernel: SGI XFS with ACLs, security attributes, no debug enabled
Sep 25 12:48:56 meshnode-odc2 kernel: NET: Registered protocol family 38
Sep 25 12:48:56 meshnode-odc2 kernel: Block layer SCSI generic (bsg) driver version 0.4 loaded (major 245)
Sep 25 12:48:56 meshnode-odc2 kernel: io scheduler noop registered
Sep 25 12:48:56 meshnode-odc2 kernel: io scheduler deadline registered
Sep 25 12:48:56 meshnode-odc2 kernel: io scheduler cfq registered (default)
Sep 25 12:48:56 meshnode-odc2 kernel: io scheduler mq-deadline registered
Sep 25 12:48:56 meshnode-odc2 kernel: io scheduler kyber registered
Sep 25 12:48:56 meshnode-odc2 kernel: io scheduler bfq registered
Sep 25 12:48:56 meshnode-odc2 kernel: atomic64_test: passed
Sep 25 12:48:56 meshnode-odc2 kernel: GPIO line 4 (usb-hub-reset) hogged as output/high
Sep 25 12:48:56 meshnode-odc2 kernel: ipmi message handler version 39.2
Sep 25 12:48:56 meshnode-odc2 kernel: Serial: 8250/16550 driver, 4 ports, IRQ sharing enabled
Sep 25 12:48:56 meshnode-odc2 kernel: c81004c0.serial: ttyAML0 at MMIO 0xc81004c0 (irq = 12, base_baud = 1500000) is a meson_uart
Sep 25 12:48:56 meshnode-odc2 kernel: console [ttyAML0] enabled
Sep 25 12:48:56 meshnode-odc2 kernel: msm_serial: driver initialized
Sep 25 12:48:56 meshnode-odc2 kernel: libphy: Fixed MDIO Bus: probed
Sep 25 12:48:56 meshnode-odc2 kernel: ehci_hcd: USB 2.0 'Enhanced' Host Controller (EHCI) Driver
Sep 25 12:48:56 meshnode-odc2 kernel: ehci-pci: EHCI PCI platform driver
Sep 25 12:48:56 meshnode-odc2 kernel: ehci-platform: EHCI generic platform driver
Sep 25 12:48:56 meshnode-odc2 kernel: ehci-orion: EHCI orion driver
Sep 25 12:48:56 meshnode-odc2 kernel: ehci-msm: Qualcomm On-Chip EHCI Host Controller
Sep 25 12:48:56 meshnode-odc2 kernel: tegra-ehci: Tegra EHCI driver
Sep 25 12:48:56 meshnode-odc2 kernel: ohci_hcd: USB 1.1 'Open' Host Controller (OHCI) Driver
Sep 25 12:48:56 meshnode-odc2 kernel: ohci-pci: OHCI PCI platform driver
Sep 25 12:48:56 meshnode-odc2 kernel: ohci-platform: OHCI generic platform driver
Sep 25 12:48:56 meshnode-odc2 kernel: uhci_hcd: USB Universal Host Controller Interface driver
Sep 25 12:48:56 meshnode-odc2 kernel: usbcore: registered new interface driver uas
Sep 25 12:48:56 meshnode-odc2 kernel: usbcore: registered new interface driver usb-storage
Sep 25 12:48:56 meshnode-odc2 kernel: usbcore: registered new interface driver ums-alauda
Sep 25 12:48:56 meshnode-odc2 kernel: usbcore: registered new interface driver ums-cypress
Sep 25 12:48:56 meshnode-odc2 kernel: usbcore: registered new interface driver ums-datafab
Sep 25 12:48:56 meshnode-odc2 kernel: usbcore: registered new interface driver ums_eneub6250
Sep 25 12:48:56 meshnode-odc2 kernel: usbcore: registered new interface driver ums-freecom
Sep 25 12:48:56 meshnode-odc2 kernel: usbcore: registered new interface driver ums-isd200
Sep 25 12:48:56 meshnode-odc2 kernel: usbcore: registered new interface driver ums-jumpshot
Sep 25 12:48:56 meshnode-odc2 kernel: usbcore: registered new interface driver ums-karma
Sep 25 12:48:56 meshnode-odc2 kernel: usbcore: registered new interface driver ums-onetouch
Sep 25 12:48:56 meshnode-odc2 kernel: usbcore: registered new interface driver ums-realtek
Sep 25 12:48:56 meshnode-odc2 kernel: usbcore: registered new interface driver ums-sddr09
Sep 25 12:48:56 meshnode-odc2 kernel: usbcore: registered new interface driver ums-sddr55
Sep 25 12:48:56 meshnode-odc2 kernel: usbcore: registered new interface driver ums-usbat
Sep 25 12:48:56 meshnode-odc2 kernel: usbcore: registered new interface driver usbserial
Sep 25 12:48:56 meshnode-odc2 kernel: usbcore: registered new interface driver usbserial_generic
Sep 25 12:48:56 meshnode-odc2 kernel: usbserial: USB Serial support registered for generic
Sep 25 12:48:56 meshnode-odc2 kernel: mousedev: PS/2 mouse device common for all mice
Sep 25 12:48:56 meshnode-odc2 kernel: device-mapper: uevent: version 1.0.3
Sep 25 12:48:56 meshnode-odc2 kernel: device-mapper: ioctl: 4.36.0-ioctl (2017-06-09) initialised: dm-devel@redhat.com
Sep 25 12:48:56 meshnode-odc2 kernel: Machine is not compatible with mt8173-cpufreq
Sep 25 12:48:56 meshnode-odc2 kernel: sdhci: Secure Digital Host Controller Interface driver
Sep 25 12:48:56 meshnode-odc2 kernel: sdhci: Copyright(c) Pierre Ossman
Sep 25 12:48:56 meshnode-odc2 kernel: Synopsys Designware Multimedia Card Interface Driver
Sep 25 12:48:56 meshnode-odc2 kernel: meson-gx-mmc d0074000.mmc: allocated mmc-pwrseq
Sep 25 12:48:56 meshnode-odc2 kernel: sdhci-pltfm: SDHCI platform and OF driver helper
Sep 25 12:48:56 meshnode-odc2 kernel: ledtrig-cpu: registered to indicate activity on CPUs
Sep 25 12:48:56 meshnode-odc2 kernel: dmi-sysfs: dmi entry is absent.
Sep 25 12:48:56 meshnode-odc2 kernel: meson-sm: secure-monitor enabled
Sep 25 12:48:56 meshnode-odc2 kernel: hidraw: raw HID events driver (C) Jiri Kosina
Sep 25 12:48:56 meshnode-odc2 kernel: usbcore: registered new interface driver usbhid
Sep 25 12:48:56 meshnode-odc2 kernel: usbhid: USB HID core driver
Sep 25 12:48:56 meshnode-odc2 kernel: platform-mhu c883c404.mailbox: Platform MHU Mailbox registered
Sep 25 12:48:56 meshnode-odc2 kernel: drop_monitor: Initializing network drop monitor service
Sep 25 12:48:56 meshnode-odc2 kernel: ip_tables: (C) 2000-2006 Netfilter Core Team
Sep 25 12:48:56 meshnode-odc2 kernel: Initializing XFRM netlink socket
Sep 25 12:48:56 meshnode-odc2 kernel: NET: Registered protocol family 10
Sep 25 12:48:56 meshnode-odc2 kernel: Segment Routing with IPv6
Sep 25 12:48:56 meshnode-odc2 kernel: mip6: Mobile IPv6
Sep 25 12:48:56 meshnode-odc2 kernel: NET: Registered protocol family 17
Sep 25 12:48:56 meshnode-odc2 kernel: Key type dns_resolver registered
Sep 25 12:48:56 meshnode-odc2 kernel: registered taskstats version 1
Sep 25 12:48:56 meshnode-odc2 kernel: zswap: loaded using pool lzo/zbud
Sep 25 12:48:56 meshnode-odc2 kernel: Key type big_key registered
Sep 25 12:48:56 meshnode-odc2 kernel: Key type encrypted registered
Sep 25 12:48:56 meshnode-odc2 kernel: dwc2 c9000000.usb: c9000000.usb supply vusb_d not found, using dummy regulator
Sep 25 12:48:56 meshnode-odc2 kernel: dwc2 c9000000.usb: c9000000.usb supply vusb_a not found, using dummy regulator
Sep 25 12:48:56 meshnode-odc2 kernel: phy phy-c0000000.phy.0: USB ID detect failed!
Sep 25 12:48:56 meshnode-odc2 kernel: phy phy-c0000000.phy.0: phy poweron failed --> -22
Sep 25 12:48:56 meshnode-odc2 kernel: dwc2: probe of c9000000.usb failed with error -22
Sep 25 12:48:56 meshnode-odc2 kernel: dwc2 c9100000.usb: c9100000.usb supply vusb_d not found, using dummy regulator
Sep 25 12:48:56 meshnode-odc2 kernel: dwc2 c9100000.usb: c9100000.usb supply vusb_a not found, using dummy regulator
Sep 25 12:48:56 meshnode-odc2 kernel: dwc2 c9100000.usb: DWC OTG Controller
Sep 25 12:48:56 meshnode-odc2 kernel: dwc2 c9100000.usb: new USB bus registered, assigned bus number 1
Sep 25 12:48:56 meshnode-odc2 kernel: dwc2 c9100000.usb: irq 33, io mem 0xc9100000
Sep 25 12:48:56 meshnode-odc2 kernel: usb usb1: New USB device found, idVendor=1d6b, idProduct=0002
Sep 25 12:48:56 meshnode-odc2 kernel: usb usb1: New USB device strings: Mfr=3, Product=2, SerialNumber=1
Sep 25 12:48:56 meshnode-odc2 kernel: usb usb1: Product: DWC OTG Controller
Sep 25 12:48:56 meshnode-odc2 kernel: usb usb1: Manufacturer: Linux 4.13.4-1-ARCH dwc2_hsotg
Sep 25 12:48:56 meshnode-odc2 kernel: usb usb1: SerialNumber: c9100000.usb
Sep 25 12:48:56 meshnode-odc2 kernel: hub 1-0:1.0: USB hub found
Sep 25 12:48:56 meshnode-odc2 kernel: hub 1-0:1.0: 1 port detected
Sep 25 12:48:56 meshnode-odc2 kernel: meson-gx-mmc d0072000.mmc: Got CD GPIO
Sep 25 12:48:56 meshnode-odc2 kernel: scpi_protocol scpi: SCP Protocol 0.0 Firmware 0.0.0 version
Sep 25 12:48:56 meshnode-odc2 kernel: hctosys: unable to open rtc device (rtc0)
Sep 25 12:48:56 meshnode-odc2 kernel: PM: Hibernation image not present or could not be loaded.
Sep 25 12:48:56 meshnode-odc2 kernel: VCC3V3: disabling
Sep 25 12:48:56 meshnode-odc2 kernel: USB_OTG_PWR: disabling
Sep 25 12:48:56 meshnode-odc2 kernel: ALSA device list:
Sep 25 12:48:56 meshnode-odc2 kernel:   No soundcards found.
Sep 25 12:48:56 meshnode-odc2 kernel: Freeing unused kernel memory: 1408K
Sep 25 12:48:56 meshnode-odc2 kernel: mmc1: new high speed SDHC card at address 0007
Sep 25 12:48:56 meshnode-odc2 kernel: mmcblk1: mmc1:0007 SS08G 7.21 GiB 
Sep 25 12:48:56 meshnode-odc2 kernel:  mmcblk1: p1 p2
Sep 25 12:48:56 meshnode-odc2 kernel: usb 1-1: new high-speed USB device number 2 using dwc2
Sep 25 12:48:56 meshnode-odc2 kernel: usb 1-1: New USB device found, idVendor=05e3, idProduct=0610
Sep 25 12:48:56 meshnode-odc2 kernel: usb 1-1: New USB device strings: Mfr=0, Product=1, SerialNumber=0
Sep 25 12:48:56 meshnode-odc2 kernel: usb 1-1: Product: USB2.0 Hub
Sep 25 12:48:56 meshnode-odc2 kernel: hub 1-1:1.0: USB hub found
Sep 25 12:48:56 meshnode-odc2 kernel: hub 1-1:1.0: 4 ports detected
Sep 25 12:48:56 meshnode-odc2 kernel: EXT4-fs (mmcblk1p2): mounted filesystem with ordered data mode. Opts: (null)
Sep 25 12:48:56 meshnode-odc2 kernel: usb 1-1.1: new low-speed USB device number 3 using dwc2
Sep 25 12:48:56 meshnode-odc2 kernel: usb 1-1.1: New USB device found, idVendor=04f2, idProduct=0833
Sep 25 12:48:56 meshnode-odc2 kernel: usb 1-1.1: New USB device strings: Mfr=1, Product=2, SerialNumber=0
Sep 25 12:48:56 meshnode-odc2 kernel: usb 1-1.1: Product: USB Keyboard
Sep 25 12:48:56 meshnode-odc2 kernel: usb 1-1.1: Manufacturer: CHICONY
Sep 25 12:48:56 meshnode-odc2 kernel: input: CHICONY USB Keyboard as /devices/platform/soc/c9100000.usb/usb1/1-1/1-1.1/1-1.1:1.0/0003:04F2:0833.0001/input/input0
Sep 25 12:48:56 meshnode-odc2 kernel: hid-generic 0003:04F2:0833.0001: input,hidraw0: USB HID v1.11 Keyboard [CHICONY USB Keyboard] on usb-c9100000.usb-1.1/input0
Sep 25 12:48:56 meshnode-odc2 kernel: input: CHICONY USB Keyboard as /devices/platform/soc/c9100000.usb/usb1/1-1/1-1.1/1-1.1:1.1/0003:04F2:0833.0002/input/input1
Sep 25 12:48:56 meshnode-odc2 kernel: hid-generic 0003:04F2:0833.0002: input,hiddev96,hidraw1: USB HID v1.11 Device [CHICONY USB Keyboard] on usb-c9100000.usb-1.1/input1
Sep 25 12:48:56 meshnode-odc2 systemd[1]: System time before build time, advancing clock.
Sep 25 12:48:56 meshnode-odc2 kernel: usb 1-1.2: new high-speed USB device number 4 using dwc2
Sep 25 12:48:56 meshnode-odc2 systemd[1]: systemd 234 running in system mode. (+PAM -AUDIT -SELINUX -IMA -APPARMOR +SMACK -SYSVINIT +UTMP +LIBCRYPTSETUP +GCRYPT +GNUTLS +ACL +XZ +LZ4 +SECCOMP +BLKID +ELFUTILS +KMOD -IDN2 +IDN default-hierarchy=hybrid)
Sep 25 12:48:56 meshnode-odc2 systemd[1]: Detected architecture arm64.
Sep 25 12:48:56 meshnode-odc2 systemd[1]: Set hostname to <meshnode-odc2>.
Sep 25 12:48:56 meshnode-odc2 kernel: usb 1-1.2: New USB device found, idVendor=0bda, idProduct=8812
Sep 25 12:48:56 meshnode-odc2 kernel: usb 1-1.2: New USB device strings: Mfr=1, Product=2, SerialNumber=3
Sep 25 12:48:56 meshnode-odc2 kernel: usb 1-1.2: Product: 802.11n NIC
Sep 25 12:48:56 meshnode-odc2 kernel: usb 1-1.2: Manufacturer: Realtek
Sep 25 12:48:56 meshnode-odc2 kernel: usb 1-1.2: SerialNumber: 123456
Sep 25 12:48:56 meshnode-odc2 systemd[1]: Started Forward Password Requests to Wall Directory Watch.
Sep 25 12:48:56 meshnode-odc2 systemd[1]: Started Dispatch Password Requests to Console Directory Watch.
Sep 25 12:48:56 meshnode-odc2 systemd[1]: Listening on Syslog Socket.
Sep 25 12:48:56 meshnode-odc2 systemd[1]: Reached target Remote File Systems.
Sep 25 12:48:56 meshnode-odc2 systemd[1]: Reached target Encrypted Volumes.
Sep 25 12:48:56 meshnode-odc2 systemd[1]: Listening on udev Kernel Socket.
Sep 25 12:48:56 meshnode-odc2 systemd[1]: Created slice System Slice.
Sep 25 12:48:56 meshnode-odc2 kernel: random: crng init done
Sep 25 12:48:56 meshnode-odc2 systemd-journald[248]: Journal started
Sep 25 12:48:56 meshnode-odc2 systemd-journald[248]: Runtime journal (/run/log/journal/079ac77f1d7c429d933a68f59da3e5c5) is 2.0M, max 4.0M, 2.0M free.
Sep 25 12:48:56 meshnode-odc2 systemd[1]: Starting Flush Journal to Persistent Storage...
Sep 25 12:48:56 meshnode-odc2 systemd[1]: Started Load/Save Random Seed.
Sep 25 12:48:56 meshnode-odc2 systemd[1]: Started mesh-led-init.service.
Sep 25 12:48:56 meshnode-odc2 systemd-journald[248]: Runtime journal (/run/log/journal/079ac77f1d7c429d933a68f59da3e5c5) is 2.0M, max 4.0M, 2.0M free.
Sep 25 12:48:56 meshnode-odc2 systemd[1]: Started Create Static Device Nodes in /dev.
Sep 25 12:48:56 meshnode-odc2 systemd[1]: Starting udev Kernel Device Manager...
Sep 25 12:48:56 meshnode-odc2 systemd[1]: Reached target Local File Systems (Pre).
Sep 25 12:48:56 meshnode-odc2 systemd[1]: Started Flush Journal to Persistent Storage.
Sep 25 12:48:56 meshnode-odc2 systemd[1]: Started udev Kernel Device Manager.
Sep 25 12:48:56 meshnode-odc2 systemd[1]: Starting Network Service...
Sep 25 12:48:56 meshnode-odc2 systemd[1]: Started udev Coldplug all Devices.
Sep 25 12:48:56 meshnode-odc2 systemd-networkd[258]: Enumeration completed
Sep 25 12:48:56 meshnode-odc2 systemd[1]: Started Network Service.
Sep 25 12:48:56 meshnode-odc2 systemd[1]: Reached target Network.
Sep 25 12:48:56 meshnode-odc2 systemd[1]: Found device /dev/ttyAML0.
Sep 25 12:48:57 meshnode-odc2 systemd-udevd[260]: link_config: autonegotiation is unset or enabled, the speed and duplex are not writable.
Sep 25 12:48:57 meshnode-odc2 kernel: pps_core: LinuxPPS API ver. 1 registered
Sep 25 12:48:57 meshnode-odc2 kernel: pps_core: Software ver. 5.3.6 - Copyright 2005-2007 Rodolfo Giometti <giometti@linux.it>
Sep 25 12:48:57 meshnode-odc2 systemd[1]: Hardware watchdog 'Meson GXBB Watchdog', version 0
Sep 25 12:48:57 meshnode-odc2 systemd[1]: Set hardware watchdog to 30s.
Sep 25 12:48:57 meshnode-odc2 kernel: lirc_dev: IR Remote Control driver registered, major 237
Sep 25 12:48:57 meshnode-odc2 kernel: PTP clock support registered
Sep 25 12:48:57 meshnode-odc2 kernel: meson8b-dwmac c9410000.ethernet: PTP uses main clock
Sep 25 12:48:57 meshnode-odc2 kernel: meson8b-dwmac c9410000.ethernet: no reset control found
Sep 25 12:48:57 meshnode-odc2 kernel: IR LIRC bridge handler initialized
Sep 25 12:48:57 meshnode-odc2 kernel: Registered IR keymap rc-empty
Sep 25 12:48:57 meshnode-odc2 kernel: rc rc0: meson-ir as /devices/platform/soc/c8100000.aobus/c8100580.ir/rc/rc0
Sep 25 12:48:57 meshnode-odc2 kernel: input: meson-ir as /devices/platform/soc/c8100000.aobus/c8100580.ir/rc/rc0/input2
Sep 25 12:48:57 meshnode-odc2 kernel: rc rc0: lirc_dev: driver ir-lirc-codec (meson-ir) registered at minor = 0
Sep 25 12:48:57 meshnode-odc2 kernel: meson-ir c8100580.ir: receiver initialized
Sep 25 12:48:57 meshnode-odc2 kernel: stmmac - user ID: 0x11, Synopsys ID: 0x37
Sep 25 12:48:57 meshnode-odc2 kernel: meson8b-dwmac c9410000.ethernet: Ring mode enabled
Sep 25 12:48:57 meshnode-odc2 kernel: meson8b-dwmac c9410000.ethernet: DMA HW capability register supported
Sep 25 12:48:57 meshnode-odc2 kernel: meson8b-dwmac c9410000.ethernet: Normal descriptors
Sep 25 12:48:57 meshnode-odc2 kernel: meson8b-dwmac c9410000.ethernet: RX Checksum Offload Engine supported
Sep 25 12:48:57 meshnode-odc2 kernel: meson8b-dwmac c9410000.ethernet: COE Type 2
Sep 25 12:48:57 meshnode-odc2 kernel: meson8b-dwmac c9410000.ethernet: TX Checksum insertion supported
Sep 25 12:48:57 meshnode-odc2 kernel: meson8b-dwmac c9410000.ethernet: Wake-Up On Lan supported
Sep 25 12:48:57 meshnode-odc2 kernel: meson8b-dwmac c9410000.ethernet: Enable RX Mitigation via HW Watchdog Timer
Sep 25 12:48:57 meshnode-odc2 systemd[1]: Listening on Load/Save RF Kill Switch Status /dev/rfkill Watch.
Sep 25 12:48:57 meshnode-odc2 kernel: libphy: stmmac: probed
Sep 25 12:48:57 meshnode-odc2 systemd[1]: Found device /dev/mmcblk1p1.
Sep 25 12:48:57 meshnode-odc2 systemd[1]: Mounting /boot/fat...
Sep 25 12:48:57 meshnode-odc2 kernel: meson-drm d0100000.vpu: Queued 2 outputs on vpu
Sep 25 12:48:57 meshnode-odc2 systemd-udevd[269]: link_config: autonegotiation is unset or enabled, the speed and duplex are not writable.
Sep 25 12:48:57 meshnode-odc2 systemd-udevd[269]: link_config: could not get ethtool features for eth0
Sep 25 12:48:57 meshnode-odc2 systemd-udevd[269]: Could not set offload features of eth0: Device or resource busy
Sep 25 12:48:57 meshnode-odc2 kernel: meson-drm d0100000.vpu: Failed to create debugfs directory
Sep 25 12:48:57 meshnode-odc2 kernel: [drm] Supports vblank timestamp caching Rev 2 (21.10.2013).
Sep 25 12:48:57 meshnode-odc2 kernel: [drm] No driver support for vblank timestamp query.
Sep 25 12:48:57 meshnode-odc2 kernel: meson-drm d0100000.vpu: CVBS Output connector not available
Sep 25 12:48:57 meshnode-odc2 systemd-networkd[258]: eth0: IPv6 successfully enabled
Sep 25 12:48:57 meshnode-odc2 kernel: meson8b-dwmac c9410000.ethernet eth0: device MAC address 42:6e:78:2e:40:c0
Sep 25 12:48:57 meshnode-odc2 kernel: FAT-fs (mmcblk1p1): Volume was not properly unmounted. Some data may be corrupt. Please run fsck.
Sep 25 12:48:57 meshnode-odc2 systemd[1]: Mounted /boot/fat.
Sep 25 12:48:57 meshnode-odc2 systemd[1]: Reached target Local File Systems.
Sep 25 12:48:57 meshnode-odc2 systemd[1]: Starting Create Volatile Files and Directories...
Sep 25 12:48:57 meshnode-odc2 kernel: meson-dw-hdmi c883a000.hdmi-tx: Detected HDMI TX controller v2.01a with HDCP (meson_dw_hdmi_phy)
Sep 25 12:48:57 meshnode-odc2 kernel: meson-dw-hdmi c883a000.hdmi-tx: registered DesignWare HDMI I2C bus driver
Sep 25 12:48:57 meshnode-odc2 kernel: [drm] forcing HDMI-A-1 connector on
Sep 25 12:48:57 meshnode-odc2 kernel: meson-drm d0100000.vpu: bound c883a000.hdmi-tx (ops meson_dw_hdmi_ops [meson_dw_hdmi])
Sep 25 12:48:57 meshnode-odc2 kernel: [drm] Got built-in EDID base block and 0 extensions from "edid/1920x1080.bin" for connector "HDMI-A-1"
Sep 25 12:48:57 meshnode-odc2 systemd[1]: Started Create Volatile Files and Directories.
Sep 25 12:48:57 meshnode-odc2 kernel: RTL8211F Gigabit Ethernet stmmac-0:00: attached PHY driver [RTL8211F Gigabit Ethernet] (mii_bus:phy_addr=stmmac-0:00, irq=-1)
Sep 25 12:48:57 meshnode-odc2 kernel: meson8b-dwmac c9410000.ethernet eth0: PTP not supported by HW
Sep 25 12:48:57 meshnode-odc2 kernel: IPv6: ADDRCONF(NETDEV_UP): eth0: link is not ready
Sep 25 12:48:57 meshnode-odc2 kernel: Console: switching to colour frame buffer device 240x67
Sep 25 12:48:57 meshnode-odc2 kernel: meson-drm d0100000.vpu: fb0:  frame buffer device
Sep 25 12:48:57 meshnode-odc2 systemd[1]: Starting Network Time Synchronization...
Sep 25 12:48:57 meshnode-odc2 systemd[1]: Starting Update UTMP about System Boot/Shutdown...
Sep 25 12:48:57 meshnode-odc2 systemd[1]: Started Update UTMP about System Boot/Shutdown.
Sep 25 12:48:57 meshnode-odc2 kernel: [drm] Initialized meson 1.0.0 20161109 for d0100000.vpu on minor 0
Sep 25 12:48:57 meshnode-odc2 systemd-timesyncd[289]: System clock time unset or jumped backwards, restoring from recorded timestamp: Tue 2017-10-24 09:00:11 UTC
Oct 24 09:00:11 meshnode-odc2 systemd[1]: Started Network Time Synchronization.
Oct 24 09:00:11 meshnode-odc2 systemd[1]: Reached target System Initialization.
Oct 24 09:00:11 meshnode-odc2 systemd[1]: Listening on D-Bus System Message Bus Socket.
Oct 24 09:00:11 meshnode-odc2 systemd[1]: Reached target Sockets.
Oct 24 09:00:11 meshnode-odc2 systemd[1]: Started Daily Cleanup of Temporary Directories.
Oct 24 09:00:11 meshnode-odc2 systemd[1]: Reached target Basic System.
Oct 24 09:00:11 meshnode-odc2 systemd[1]: Starting mesh-init.service...
Oct 24 09:00:11 meshnode-odc2 systemd[1]: Started Entropy Harvesting Daemon.
Oct 24 09:00:11 meshnode-odc2 systemd[1]: Started ssh-reverse-access-tunnel.service.
Oct 24 09:00:11 meshnode-odc2 systemd[1]: Started OpenSSH Daemon.
Oct 24 09:00:11 meshnode-odc2 systemd[1]: Starting Permit User Sessions...
Oct 24 09:00:11 meshnode-odc2 systemd[1]: Started D-Bus System Message Bus.
Oct 24 09:00:11 meshnode-odc2 haveged[292]: haveged: Couldn't initialize HAVEGE rng 5
Oct 24 09:00:11 meshnode-odc2 haveged[292]: haveged starting up
Oct 24 09:00:11 meshnode-odc2 systemd[1]: Starting System Logging Service...
Oct 24 09:00:11 meshnode-odc2 systemd[1]: Starting Login Service...
Oct 24 09:00:11 meshnode-odc2 systemd[1]: Reached target System Time Synchronized.
Oct 24 09:00:11 meshnode-odc2 systemd[1]: Started Daily locate database update.
Oct 24 09:00:11 meshnode-odc2 systemd[1]: Started Daily rotation of log files.
Oct 24 09:00:11 meshnode-odc2 systemd[1]: Started Daily verification of password and group files.
Oct 24 09:00:11 meshnode-odc2 systemd[1]: Started Daily man-db cache update.
Oct 24 09:00:11 meshnode-odc2 systemd[1]: Reached target Timers.
Oct 24 09:00:11 meshnode-odc2 systemd[1]: haveged.service: Main process exited, code=exited, status=1/FAILURE
Oct 24 09:00:11 meshnode-odc2 systemd[1]: haveged.service: Unit entered failed state.
Oct 24 09:00:11 meshnode-odc2 systemd[1]: haveged.service: Failed with result 'exit-code'.
Oct 24 09:00:11 meshnode-odc2 systemd[1]: Started Permit User Sessions.
Oct 24 09:00:11 meshnode-odc2 systemd[1]: Started Getty on tty1.
Oct 24 09:00:11 meshnode-odc2 systemd[1]: Started Serial Getty on ttyAML0.
Oct 24 09:00:11 meshnode-odc2 systemd[1]: Reached target Login Prompts.
Oct 24 09:00:11 meshnode-odc2 systemd[1]: Started Login Service.
Oct 24 09:00:11 meshnode-odc2 systemd-logind[298]: New seat seat0.
Oct 24 09:00:11 meshnode-odc2 sshd[294]: Server listening on 0.0.0.0 port 22.
Oct 24 09:00:11 meshnode-odc2 sshd[294]: Server listening on :: port 22.
Oct 24 09:00:11 meshnode-odc2 rsyslogd[297]:  [origin software="rsyslogd" swVersion="8.29.0" x-pid="297" x-info="http://www.rsyslog.com"] start
Oct 24 09:00:11 meshnode-odc2 rsyslogd[297]: error during config processing: omfile: chown for file 'Operation not permitted' failed: /boot/fat/syslog.log [v8.29.0 try http://www.rsyslog.com/e/2207 ]
Oct 24 09:00:11 meshnode-odc2 systemd[1]: Started System Logging Service.
Oct 24 09:00:11 meshnode-odc2 systemd-logind[298]: Watching system buttons on /dev/input/event0 (CHICONY USB Keyboard)
Oct 24 09:00:11 meshnode-odc2 systemd-logind[298]: Watching system buttons on /dev/input/event1 (CHICONY USB Keyboard)
Oct 24 09:00:11 meshnode-odc2 kernel: [drm] Got built-in EDID base block and 0 extensions from "edid/1920x1080.bin" for connector "HDMI-A-1"
Oct 24 09:00:12 meshnode-odc2 ssh-reverse-mux-client[293]: Traceback (most recent call last):
Oct 24 09:00:12 meshnode-odc2 ssh-reverse-mux-client[293]:   File "/home/ssh-reverse-access-tunnel/ssh-reverse-mux-client", line 278, in <module>
Oct 24 09:00:12 meshnode-odc2 ssh-reverse-mux-client[293]:     if __name__ == '__main__': sys.exit(main())
Oct 24 09:00:12 meshnode-odc2 ssh-reverse-mux-client[293]:   File "/home/ssh-reverse-access-tunnel/ssh-reverse-mux-client", line 258, in main
Oct 24 09:00:12 meshnode-odc2 ssh-reverse-mux-client[293]:     asyncio_wait_or_cancel(loop, muxer, opts.timeout) )
Oct 24 09:00:12 meshnode-odc2 ssh-reverse-mux-client[293]:   File "/usr/lib/python3.6/asyncio/base_events.py", line 467, in run_until_complete
Oct 24 09:00:12 meshnode-odc2 ssh-reverse-mux-client[293]:     return future.result()
Oct 24 09:00:12 meshnode-odc2 ssh-reverse-mux-client[293]:   File "/home/ssh-reverse-access-tunnel/ssh-reverse-mux-client", line 38, in asyncio_wait_or_cancel
Oct 24 09:00:12 meshnode-odc2 ssh-reverse-mux-client[293]:     try: return await asyncio.wait_for(task, timeout)
Oct 24 09:00:12 meshnode-odc2 ssh-reverse-mux-client[293]:   File "/usr/lib/python3.6/asyncio/tasks.py", line 358, in wait_for
Oct 24 09:00:12 meshnode-odc2 ssh-reverse-mux-client[293]:     return fut.result()
Oct 24 09:00:12 meshnode-odc2 ssh-reverse-mux-client[293]:   File "/home/ssh-reverse-access-tunnel/ssh-reverse-mux-client", line 117, in mux_negotiate
Oct 24 09:00:12 meshnode-odc2 ssh-reverse-mux-client[293]:     lambda: MuxClientProtocol(loop), remote_addr=(host, port), family=sock_af, proto=sock_p )
Oct 24 09:00:12 meshnode-odc2 ssh-reverse-mux-client[293]:   File "/usr/lib/python3.6/asyncio/base_events.py", line 934, in create_datagram_endpoint
Oct 24 09:00:12 meshnode-odc2 ssh-reverse-mux-client[293]:     raise exceptions[0]
Oct 24 09:00:12 meshnode-odc2 ssh-reverse-mux-client[293]:   File "/usr/lib/python3.6/asyncio/base_events.py", line 921, in create_datagram_endpoint
Oct 24 09:00:12 meshnode-odc2 ssh-reverse-mux-client[293]:     yield from self.sock_connect(sock, remote_address)
Oct 24 09:00:12 meshnode-odc2 ssh-reverse-mux-client[293]:   File "/usr/lib/python3.6/asyncio/selector_events.py", line 451, in sock_connect
Oct 24 09:00:12 meshnode-odc2 ssh-reverse-mux-client[293]:     return (yield from fut)
Oct 24 09:00:12 meshnode-odc2 ssh-reverse-mux-client[293]:   File "/usr/lib/python3.6/asyncio/selector_events.py", line 456, in _sock_connect
Oct 24 09:00:12 meshnode-odc2 ssh-reverse-mux-client[293]:     sock.connect(address)
Oct 24 09:00:12 meshnode-odc2 ssh-reverse-mux-client[293]: OSError: [Errno 101] Network is unreachable
Oct 24 09:00:12 meshnode-odc2 systemd[1]: ssh-reverse-access-tunnel.service: Main process exited, code=exited, status=1/FAILURE
Oct 24 09:00:12 meshnode-odc2 systemd[1]: ssh-reverse-access-tunnel.service: Unit entered failed state.
Oct 24 09:00:12 meshnode-odc2 systemd[1]: ssh-reverse-access-tunnel.service: Failed with result 'exit-code'.
Oct 24 09:00:13 meshnode-odc2 mesh-init[291]: DEBUG :: Using runtime temp path: /run/mesh
Oct 24 09:00:13 meshnode-odc2 mesh-init[291]: DEBUG :: Starting...
Oct 24 09:00:13 meshnode-odc2 mesh-init[291]: DEBUG :: Setting up access keys/passwords...
Oct 24 09:00:13 meshnode-odc2 mesh-init[291]: DEBUG :: cmd: chpasswd
Oct 24 09:00:13 meshnode-odc2 chpasswd[313]: pam_unix(chpasswd:chauthtok): password changed for root
Oct 24 09:00:13 meshnode-odc2 mesh-init[291]: DEBUG :: Applying kernel module parameters...
Oct 24 09:00:13 meshnode-odc2 mesh-init[291]: DEBUG :: cmd: rmmod 8812au
Oct 24 09:00:13 meshnode-odc2 mesh-init[291]: DEBUG :: cmd: modprobe 8812au rtw_beamform_cap=0x63
Oct 24 09:00:13 meshnode-odc2 mesh-init[291]: modprobe: ERROR: could not insert '8812au': Unknown symbol in module, or unknown parameter (see dmesg)
Oct 24 09:00:13 meshnode-odc2 mesh-init[291]: WARNING :: Failed to (re-)load rtl8812au module: Command '('modprobe', '8812au', 'rtw_beamform_cap=0x63')' returned non-zero exit status 1.
Oct 24 09:00:13 meshnode-odc2 mesh-init[291]: DEBUG :: Matching interfaces...
Oct 24 09:00:13 meshnode-odc2 mesh-init[291]: ERROR :: Failed to match iface for conf specs, DISABLING IT: <Config ffff8b2d0470 {'alias': None, 'wifi': {'role': 'sta', 'channel': 36, 'ssid': 'ap', 'passphrase': 'ap some-secret-passphrase'}, 'match': {'index': 1, 'name': None, 'mac': None}, 'type': 'mesh'}> - list index out of range
Oct 24 09:00:13 meshnode-odc2 mesh-init[291]: Traceback (most recent call last):
Oct 24 09:00:13 meshnode-odc2 mesh-init[291]:   File "/srv/mesh/mesh-init", line 377, in main
Oct 24 09:00:13 meshnode-odc2 mesh-init[291]:     name = iface_match(iface_addrs, iface_conf.match)
Oct 24 09:00:13 meshnode-odc2 mesh-init[291]:   File "/srv/mesh/mesh-init", line 221, in iface_match
Oct 24 09:00:13 meshnode-odc2 mesh-init[291]:     if conf.index is not None: iface.add(list(iface_addrs)[conf.index])
Oct 24 09:00:13 meshnode-odc2 mesh-init[291]: IndexError: list index out of range
Oct 24 09:00:13 meshnode-odc2 mesh-init[291]: DEBUG :: Matched iface 'eth0' to <Config ffff8b2d0400 {'index': 0, 'name': None, 'mac': None}>
Oct 24 09:00:13 meshnode-odc2 mesh-init[291]: DEBUG :: Generating hw-uuid...
Oct 24 09:00:13 meshnode-odc2 mesh-init[291]: DEBUG :: Initializing BATMAN iface and brdges...
Oct 24 09:00:13 meshnode-odc2 mesh-init[291]: DEBUG :: cmd: systemctl stop mesh-dhcpcd
Oct 24 09:00:13 meshnode-odc2 mesh-init[291]: DEBUG :: cmd: ip link del lan
Oct 24 09:00:13 meshnode-odc2 mesh-init[291]: DEBUG :: Processing extra-setup-commands hook: lan-bridge-pre
Oct 24 09:00:13 meshnode-odc2 mesh-init[291]: DEBUG :: cmd: ip link add name lan mtu 1500 type bridge forward_delay 0 stp_state 0
Oct 24 09:00:13 meshnode-odc2 mesh-init[291]: DEBUG :: cmd: ip link set dev eth0 down
Oct 24 09:00:13 meshnode-odc2 systemd-udevd[328]: link_config: autonegotiation is unset or enabled, the speed and duplex are not writable.
Oct 24 09:00:13 meshnode-odc2 systemd-udevd[328]: Could not generate persistent MAC address for lan: No such file or directory
Oct 24 09:00:13 meshnode-odc2 kernel: bridge: filtering via arp/ip/ip6tables is no longer available by default. Update your scripts to load br_netfilter if you need this.
Oct 24 09:00:13 meshnode-odc2 mesh-init[291]: DEBUG :: cmd: ip addr flush dev eth0
Oct 24 09:00:13 meshnode-odc2 mesh-init[291]: DEBUG :: cmd: ip link set dev eth0 mtu 1500
Oct 24 09:00:13 meshnode-odc2 mesh-init[291]: DEBUG :: cmd: ip link set dev eth0 master lan
Oct 24 09:00:13 meshnode-odc2 kernel: stmmac_ethtool_get_link_ksettings: eth0: PHY is not registered
Oct 24 09:00:13 meshnode-odc2 kernel: lan: port 1(eth0) entered blocking state
Oct 24 09:00:13 meshnode-odc2 kernel: lan: port 1(eth0) entered disabled state
Oct 24 09:00:13 meshnode-odc2 kernel: device eth0 entered promiscuous mode
Oct 24 09:00:13 meshnode-odc2 mesh-init[291]: DEBUG :: cmd: ip link set dev eth0 up
Oct 24 09:00:14 meshnode-odc2 kernel: RTL8211F Gigabit Ethernet stmmac-0:00: attached PHY driver [RTL8211F Gigabit Ethernet] (mii_bus:phy_addr=stmmac-0:00, irq=-1)
Oct 24 09:00:14 meshnode-odc2 kernel: meson8b-dwmac c9410000.ethernet eth0: PTP not supported by HW
Oct 24 09:00:14 meshnode-odc2 kernel: IPv6: ADDRCONF(NETDEV_UP): eth0: link is not ready
Oct 24 09:00:14 meshnode-odc2 mesh-init[291]: DEBUG :: Processing extra-setup-commands hook: mesh-setup-pre
Oct 24 09:00:14 meshnode-odc2 mesh-init[291]: DEBUG :: cmd: modprobe batman-adv
Oct 24 09:00:14 meshnode-odc2 mesh-init[291]: DEBUG :: cmd: ip link del bat0
Oct 24 09:00:14 meshnode-odc2 kernel: batman_adv: B.A.T.M.A.N. advanced 2017.2 (compatibility version 15) loaded
Oct 24 09:00:14 meshnode-odc2 mesh-init[291]: DEBUG :: cmd: ip link add name bat0 mtu 1500 type batadv
Oct 24 09:00:14 meshnode-odc2 mesh-init[291]: DEBUG :: cmd: ip link set dev bat0 master lan
Oct 24 09:00:14 meshnode-odc2 systemd-udevd[345]: link_config: autonegotiation is unset or enabled, the speed and duplex are not writable.
Oct 24 09:00:14 meshnode-odc2 systemd-udevd[345]: Could not generate persistent MAC address for bat0: No such file or directory
Oct 24 09:00:14 meshnode-odc2 kernel: lan: port 2(bat0) entered blocking state
Oct 24 09:00:14 meshnode-odc2 kernel: lan: port 2(bat0) entered disabled state
Oct 24 09:00:14 meshnode-odc2 kernel: device bat0 entered promiscuous mode
Oct 24 09:00:14 meshnode-odc2 mesh-init[291]: DEBUG :: cmd: ip link set dev bat0 up
Oct 24 09:00:14 meshnode-odc2 systemd-networkd[258]: bat0: Gained carrier
Oct 24 09:00:14 meshnode-odc2 mesh-init[291]: DEBUG :: Processing extra-setup-commands hook: mesh-setup-post
Oct 24 09:00:14 meshnode-odc2 mesh-init[291]: DEBUG :: cmd [mesh-setup-post]: batctl bridge_loop_avoidance disable
Oct 24 09:00:14 meshnode-odc2 mesh-init[291]: DEBUG :: cmd: ip link set dev lan up
Oct 24 09:00:14 meshnode-odc2 kernel: batman_adv: bat0: bridge_loop_avoidance: Changing from: enabled to: disabled
Oct 24 09:00:14 meshnode-odc2 kernel: lan: port 2(bat0) entered blocking state
Oct 24 09:00:14 meshnode-odc2 kernel: lan: port 2(bat0) entered forwarding state
Oct 24 09:00:14 meshnode-odc2 mesh-init[291]: DEBUG :: cmd: systemctl start mesh-dhcpcd
Oct 24 09:00:14 meshnode-odc2 systemd[1]: Starting mesh-dhcpcd.service...
Oct 24 09:00:14 meshnode-odc2 kernel: batman_adv: bat0: No IGMP Querier present - multicast optimizations disabled
Oct 24 09:00:14 meshnode-odc2 kernel: batman_adv: bat0: No MLD Querier present - multicast optimizations disabled
Oct 24 09:00:14 meshnode-odc2 systemd-networkd[258]: lan: Gained carrier
Oct 24 09:00:15 meshnode-odc2 systemd-networkd[258]: lan: Gained IPv6LL
Oct 24 09:00:15 meshnode-odc2 systemd-timesyncd[289]: Network configuration changed, trying to establish connection.
Oct 24 09:00:15 meshnode-odc2 systemd[1]: Started mesh-dhcpcd.service.
Oct 24 09:00:15 meshnode-odc2 mesh-init[291]: DEBUG :: Processing extra-setup-commands hook: lan-bridge-post
Oct 24 09:00:15 meshnode-odc2 mesh-init[291]: DEBUG :: Starting hostapd/wpa_supplicant helpers...
Oct 24 09:00:15 meshnode-odc2 mesh-init[291]: DEBUG :: Processing extra-setup-commands hook: wifi-start-pre
Oct 24 09:00:15 meshnode-odc2 mesh-init[291]: ERROR :: No ap/sta interfaces detected/matched or configured, treating this as an init failure.
Oct 24 09:00:15 meshnode-odc2 mesh-init[291]: DEBUG :: Processing extra-setup-commands hook: wifi-start-post
Oct 24 09:00:15 meshnode-odc2 mesh-init[291]: DEBUG :: Running info-dump commands...
Oct 24 09:00:15 meshnode-odc2 mesh-init[291]: DEBUG :: cmd [/boot/mesh/info/interfaces.txt]: ip link
Oct 24 09:00:15 meshnode-odc2 mesh-init[291]: DEBUG :: cmd [/boot/mesh/info/journal-boot.log]: journalctl -ab | tail -3000
